[2023-10-28T20:16:11.382-0300][gc,heap] Heap region size: 1M
[2023-10-28T20:16:11.386-0300][gc     ] Using G1
[2023-10-28T20:16:11.386-0300][gc,heap,coops] Heap address: 0x00000000c0000000, size: 1024 MB, Compressed Oops mode: 32-bit
[2023-10-28T20:16:11.386-0300][gc,cds       ] Mark closed archive regions in map: [0x00000000fff00000, 0x00000000fff6bff8]
[2023-10-28T20:16:11.386-0300][gc,cds       ] Mark open archive regions in map: [0x00000000ffe00000, 0x00000000ffe47ff8]
[2023-10-28T20:16:11.872-0300][gc,start     ] GC(0) Pause Young (Normal) (G1 Evacuation Pause)
[2023-10-28T20:16:11.873-0300][gc,task      ] GC(0) Using 13 workers of 13 for evacuation
[2023-10-28T20:16:11.882-0300][gc,phases    ] GC(0)   Pre Evacuate Collection Set: 0.0ms
[2023-10-28T20:16:11.882-0300][gc,phases    ] GC(0)   Evacuate Collection Set: 8.4ms
[2023-10-28T20:16:11.882-0300][gc,phases    ] GC(0)   Post Evacuate Collection Set: 0.5ms
[2023-10-28T20:16:11.882-0300][gc,phases    ] GC(0)   Other: 0.9ms
[2023-10-28T20:16:11.882-0300][gc,heap      ] GC(0) Eden regions: 51->0(44)
[2023-10-28T20:16:11.882-0300][gc,heap      ] GC(0) Survivor regions: 0->7(7)
[2023-10-28T20:16:11.882-0300][gc,heap      ] GC(0) Old regions: 2->2
[2023-10-28T20:16:11.882-0300][gc,heap      ] GC(0) Humongous regions: 0->0
[2023-10-28T20:16:11.882-0300][gc,metaspace ] GC(0) Metaspace: 13922K(14464K)->13922K(14464K) NonClass: 12221K(12544K)->12221K(12544K) Class: 1701K(1920K)->1701K(1920K)
[2023-10-28T20:16:11.882-0300][gc           ] GC(0) Pause Young (Normal) (G1 Evacuation Pause) 51M->7M(1024M) 9.802ms
[2023-10-28T20:16:11.882-0300][gc,cpu       ] GC(0) User=0.10s Sys=0.01s Real=0.01s
[2023-10-28T20:16:30.765-0300][gc,heap,exit ] Heap
[2023-10-28T20:16:30.765-0300][gc,heap,exit ]  garbage-first heap   total 1048576K, used 16045K [0x00000000c0000000, 0x0000000100000000)
[2023-10-28T20:16:30.765-0300][gc,heap,exit ]   region size 1024K, 16 young (16384K), 7 survivors (7168K)
[2023-10-28T20:16:30.765-0300][gc,heap,exit ]  Metaspace       used 15503K, capacity 16045K, committed 16256K, reserved 1062912K
[2023-10-28T20:16:30.765-0300][gc,heap,exit ]   class space    used 1890K, capacity 2116K, committed 2176K, reserved 1048576K
