[2023-10-28T20:26:22.448-0300][gc,heap] Heap region size: 1M
[2023-10-28T20:26:22.453-0300][gc     ] Using G1
[2023-10-28T20:26:22.453-0300][gc,heap,coops] Heap address: 0x00000000c0000000, size: 1024 MB, Compressed Oops mode: 32-bit
[2023-10-28T20:26:22.453-0300][gc,cds       ] Mark closed archive regions in map: [0x00000000fff00000, 0x00000000fff6bff8]
[2023-10-28T20:26:22.453-0300][gc,cds       ] Mark open archive regions in map: [0x00000000ffe00000, 0x00000000ffe47ff8]
[2023-10-28T20:26:22.922-0300][gc,start     ] GC(0) Pause Young (Normal) (G1 Evacuation Pause)
[2023-10-28T20:26:22.923-0300][gc,task      ] GC(0) Using 13 workers of 13 for evacuation
[2023-10-28T20:26:22.934-0300][gc,phases    ] GC(0)   Pre Evacuate Collection Set: 0.0ms
[2023-10-28T20:26:22.934-0300][gc,phases    ] GC(0)   Evacuate Collection Set: 10.0ms
[2023-10-28T20:26:22.934-0300][gc,phases    ] GC(0)   Post Evacuate Collection Set: 0.6ms
[2023-10-28T20:26:22.934-0300][gc,phases    ] GC(0)   Other: 1.1ms
[2023-10-28T20:26:22.934-0300][gc,heap      ] GC(0) Eden regions: 51->0(44)
[2023-10-28T20:26:22.934-0300][gc,heap      ] GC(0) Survivor regions: 0->7(7)
[2023-10-28T20:26:22.934-0300][gc,heap      ] GC(0) Old regions: 2->3
[2023-10-28T20:26:22.934-0300][gc,heap      ] GC(0) Humongous regions: 0->0
[2023-10-28T20:26:22.934-0300][gc,metaspace ] GC(0) Metaspace: 13899K(14464K)->13899K(14464K) NonClass: 12200K(12544K)->12200K(12544K) Class: 1698K(1920K)->1698K(1920K)
[2023-10-28T20:26:22.934-0300][gc           ] GC(0) Pause Young (Normal) (G1 Evacuation Pause) 51M->7M(1024M) 11.792ms
[2023-10-28T20:26:22.934-0300][gc,cpu       ] GC(0) User=0.01s Sys=0.11s Real=0.01s
[2023-10-28T20:26:41.821-0300][gc,heap,exit ] Heap
[2023-10-28T20:26:41.822-0300][gc,heap,exit ]  garbage-first heap   total 1048576K, used 16116K [0x00000000c0000000, 0x0000000100000000)
[2023-10-28T20:26:41.822-0300][gc,heap,exit ]   region size 1024K, 16 young (16384K), 7 survivors (7168K)
[2023-10-28T20:26:41.822-0300][gc,heap,exit ]  Metaspace       used 15502K, capacity 16045K, committed 16256K, reserved 1062912K
[2023-10-28T20:26:41.822-0300][gc,heap,exit ]   class space    used 1890K, capacity 2116K, committed 2176K, reserved 1048576K
