[2023-10-28T20:19:17.517-0300][gc,heap] Heap region size: 1M
[2023-10-28T20:19:17.521-0300][gc     ] Using G1
[2023-10-28T20:19:17.521-0300][gc,heap,coops] Heap address: 0x00000000c0000000, size: 1024 MB, Compressed Oops mode: 32-bit
[2023-10-28T20:19:17.521-0300][gc,cds       ] Mark closed archive regions in map: [0x00000000fff00000, 0x00000000fff6bff8]
[2023-10-28T20:19:17.521-0300][gc,cds       ] Mark open archive regions in map: [0x00000000ffe00000, 0x00000000ffe47ff8]
[2023-10-28T20:19:17.992-0300][gc,start     ] GC(0) Pause Young (Normal) (G1 Evacuation Pause)
[2023-10-28T20:19:17.993-0300][gc,task      ] GC(0) Using 13 workers of 13 for evacuation
[2023-10-28T20:19:18.003-0300][gc,phases    ] GC(0)   Pre Evacuate Collection Set: 0.0ms
[2023-10-28T20:19:18.003-0300][gc,phases    ] GC(0)   Evacuate Collection Set: 9.4ms
[2023-10-28T20:19:18.003-0300][gc,phases    ] GC(0)   Post Evacuate Collection Set: 0.5ms
[2023-10-28T20:19:18.003-0300][gc,phases    ] GC(0)   Other: 0.9ms
[2023-10-28T20:19:18.003-0300][gc,heap      ] GC(0) Eden regions: 51->0(44)
[2023-10-28T20:19:18.003-0300][gc,heap      ] GC(0) Survivor regions: 0->7(7)
[2023-10-28T20:19:18.003-0300][gc,heap      ] GC(0) Old regions: 2->3
[2023-10-28T20:19:18.003-0300][gc,heap      ] GC(0) Humongous regions: 0->0
[2023-10-28T20:19:18.003-0300][gc,metaspace ] GC(0) Metaspace: 13918K(14464K)->13918K(14464K) NonClass: 12217K(12544K)->12217K(12544K) Class: 1701K(1920K)->1701K(1920K)
[2023-10-28T20:19:18.003-0300][gc           ] GC(0) Pause Young (Normal) (G1 Evacuation Pause) 51M->7M(1024M) 10.894ms
[2023-10-28T20:19:18.003-0300][gc,cpu       ] GC(0) User=0.11s Sys=0.01s Real=0.01s
[2023-10-28T20:19:18.341-0300][gc,start     ] GC(1) Pause Young (Concurrent Start) (Metadata GC Threshold)
[2023-10-28T20:19:18.341-0300][gc,task      ] GC(1) Using 13 workers of 13 for evacuation
[2023-10-28T20:19:18.348-0300][gc,phases    ] GC(1)   Pre Evacuate Collection Set: 0.1ms
[2023-10-28T20:19:18.348-0300][gc,phases    ] GC(1)   Evacuate Collection Set: 6.1ms
[2023-10-28T20:19:18.348-0300][gc,phases    ] GC(1)   Post Evacuate Collection Set: 0.4ms
[2023-10-28T20:19:18.348-0300][gc,phases    ] GC(1)   Other: 0.2ms
[2023-10-28T20:19:18.348-0300][gc,heap      ] GC(1) Eden regions: 31->0(49)
[2023-10-28T20:19:18.348-0300][gc,heap      ] GC(1) Survivor regions: 7->2(7)
[2023-10-28T20:19:18.348-0300][gc,heap      ] GC(1) Old regions: 3->9
[2023-10-28T20:19:18.348-0300][gc,heap      ] GC(1) Humongous regions: 0->0
[2023-10-28T20:19:18.348-0300][gc,metaspace ] GC(1) Metaspace: 20550K(21248K)->20550K(21248K) NonClass: 18075K(18432K)->18075K(18432K) Class: 2474K(2816K)->2474K(2816K)
[2023-10-28T20:19:18.348-0300][gc           ] GC(1) Pause Young (Concurrent Start) (Metadata GC Threshold) 38M->8M(1024M) 6.879ms
[2023-10-28T20:19:18.348-0300][gc,cpu       ] GC(1) User=0.05s Sys=0.00s Real=0.01s
[2023-10-28T20:19:18.348-0300][gc           ] GC(2) Concurrent Cycle
[2023-10-28T20:19:18.348-0300][gc,marking   ] GC(2) Concurrent Clear Claimed Marks
[2023-10-28T20:19:18.348-0300][gc,marking   ] GC(2) Concurrent Clear Claimed Marks 0.105ms
[2023-10-28T20:19:18.348-0300][gc,marking   ] GC(2) Concurrent Scan Root Regions
[2023-10-28T20:19:18.350-0300][gc,marking   ] GC(2) Concurrent Scan Root Regions 1.110ms
[2023-10-28T20:19:18.350-0300][gc,marking   ] GC(2) Concurrent Mark (0.834s)
[2023-10-28T20:19:18.350-0300][gc,marking   ] GC(2) Concurrent Mark From Roots
[2023-10-28T20:19:18.350-0300][gc,task      ] GC(2) Using 3 workers of 3 for marking
[2023-10-28T20:19:18.352-0300][gc,marking   ] GC(2) Concurrent Mark From Roots 1.997ms
[2023-10-28T20:19:18.352-0300][gc,marking   ] GC(2) Concurrent Preclean
[2023-10-28T20:19:18.352-0300][gc,marking   ] GC(2) Concurrent Preclean 0.077ms
[2023-10-28T20:19:18.352-0300][gc,marking   ] GC(2) Concurrent Mark (0.834s, 0.836s) 2.095ms
[2023-10-28T20:19:18.352-0300][gc,start     ] GC(2) Pause Remark
[2023-10-28T20:19:18.353-0300][gc,stringtable] GC(2) Cleaned string and symbol table, strings: 5188 processed, 0 removed, symbols: 52796 processed, 45 removed
[2023-10-28T20:19:18.353-0300][gc            ] GC(2) Pause Remark 9M->9M(1024M) 1.301ms
[2023-10-28T20:19:18.353-0300][gc,cpu        ] GC(2) User=0.00s Sys=0.01s Real=0.01s
[2023-10-28T20:19:18.353-0300][gc,marking    ] GC(2) Concurrent Rebuild Remembered Sets
[2023-10-28T20:19:18.354-0300][gc,marking    ] GC(2) Concurrent Rebuild Remembered Sets 1.091ms
[2023-10-28T20:19:18.354-0300][gc,start      ] GC(2) Pause Cleanup
[2023-10-28T20:19:18.355-0300][gc            ] GC(2) Pause Cleanup 9M->9M(1024M) 0.193ms
[2023-10-28T20:19:18.355-0300][gc,cpu        ] GC(2) User=0.00s Sys=0.00s Real=0.00s
[2023-10-28T20:19:18.355-0300][gc,marking    ] GC(2) Concurrent Cleanup for Next Mark
[2023-10-28T20:19:18.359-0300][gc,marking    ] GC(2) Concurrent Cleanup for Next Mark 4.436ms
[2023-10-28T20:19:18.359-0300][gc            ] GC(2) Concurrent Cycle 10.934ms
[2023-10-28T20:19:18.667-0300][gc,start      ] GC(3) Pause Young (Normal) (G1 Evacuation Pause)
[2023-10-28T20:19:18.667-0300][gc,task       ] GC(3) Using 13 workers of 13 for evacuation
[2023-10-28T20:19:18.669-0300][gc,phases     ] GC(3)   Pre Evacuate Collection Set: 0.0ms
[2023-10-28T20:19:18.669-0300][gc,phases     ] GC(3)   Evacuate Collection Set: 1.6ms
[2023-10-28T20:19:18.669-0300][gc,phases     ] GC(3)   Post Evacuate Collection Set: 0.5ms
[2023-10-28T20:19:18.669-0300][gc,phases     ] GC(3)   Other: 0.1ms
[2023-10-28T20:19:18.669-0300][gc,heap       ] GC(3) Eden regions: 49->0(46)
[2023-10-28T20:19:18.669-0300][gc,heap       ] GC(3) Survivor regions: 2->5(7)
[2023-10-28T20:19:18.669-0300][gc,heap       ] GC(3) Old regions: 9->9
[2023-10-28T20:19:18.669-0300][gc,heap       ] GC(3) Humongous regions: 129->129
[2023-10-28T20:19:18.669-0300][gc,metaspace  ] GC(3) Metaspace: 28314K(29312K)->28314K(29312K) NonClass: 25029K(25600K)->25029K(25600K) Class: 3285K(3712K)->3285K(3712K)
[2023-10-28T20:19:18.669-0300][gc            ] GC(3) Pause Young (Normal) (G1 Evacuation Pause) 186M->141M(1024M) 2.257ms
[2023-10-28T20:19:18.669-0300][gc,cpu        ] GC(3) User=0.01s Sys=0.00s Real=0.00s
[2023-10-28T20:19:18.873-0300][gc,start      ] GC(4) Pause Young (Concurrent Start) (Metadata GC Threshold)
[2023-10-28T20:19:18.873-0300][gc,task       ] GC(4) Using 13 workers of 13 for evacuation
[2023-10-28T20:19:18.883-0300][gc,phases     ] GC(4)   Pre Evacuate Collection Set: 0.1ms
[2023-10-28T20:19:18.883-0300][gc,phases     ] GC(4)   Evacuate Collection Set: 9.2ms
[2023-10-28T20:19:18.883-0300][gc,phases     ] GC(4)   Post Evacuate Collection Set: 0.5ms
[2023-10-28T20:19:18.883-0300][gc,phases     ] GC(4)   Other: 0.2ms
[2023-10-28T20:19:18.883-0300][gc,heap       ] GC(4) Eden regions: 33->0(48)
[2023-10-28T20:19:18.883-0300][gc,heap       ] GC(4) Survivor regions: 5->3(7)
[2023-10-28T20:19:18.883-0300][gc,heap       ] GC(4) Old regions: 9->14
[2023-10-28T20:19:18.883-0300][gc,heap       ] GC(4) Humongous regions: 129->129
[2023-10-28T20:19:18.883-0300][gc,metaspace  ] GC(4) Metaspace: 34487K(35840K)->34487K(35840K) NonClass: 30491K(31232K)->30491K(31232K) Class: 3996K(4608K)->3996K(4608K)
[2023-10-28T20:19:18.883-0300][gc            ] GC(4) Pause Young (Concurrent Start) (Metadata GC Threshold) 174M->143M(1024M) 10.034ms
[2023-10-28T20:19:18.883-0300][gc,cpu        ] GC(4) User=0.11s Sys=0.00s Real=0.01s
[2023-10-28T20:19:18.883-0300][gc            ] GC(5) Concurrent Cycle
[2023-10-28T20:19:18.883-0300][gc,marking    ] GC(5) Concurrent Clear Claimed Marks
[2023-10-28T20:19:18.883-0300][gc,marking    ] GC(5) Concurrent Clear Claimed Marks 0.112ms
[2023-10-28T20:19:18.883-0300][gc,marking    ] GC(5) Concurrent Scan Root Regions
[2023-10-28T20:19:18.884-0300][gc,marking    ] GC(5) Concurrent Scan Root Regions 1.110ms
[2023-10-28T20:19:18.884-0300][gc,marking    ] GC(5) Concurrent Mark (1.369s)
[2023-10-28T20:19:18.884-0300][gc,marking    ] GC(5) Concurrent Mark From Roots
[2023-10-28T20:19:18.884-0300][gc,task       ] GC(5) Using 3 workers of 3 for marking
[2023-10-28T20:19:18.892-0300][gc,marking    ] GC(5) Concurrent Mark From Roots 8.048ms
[2023-10-28T20:19:18.892-0300][gc,marking    ] GC(5) Concurrent Preclean
[2023-10-28T20:19:18.892-0300][gc,marking    ] GC(5) Concurrent Preclean 0.079ms
[2023-10-28T20:19:18.892-0300][gc,marking    ] GC(5) Concurrent Mark (1.369s, 1.377s) 8.160ms
[2023-10-28T20:19:18.893-0300][gc,start      ] GC(5) Pause Remark
[2023-10-28T20:19:18.896-0300][gc,stringtable] GC(5) Cleaned string and symbol table, strings: 11026 processed, 10 removed, symbols: 86379 processed, 15 removed
[2023-10-28T20:19:18.896-0300][gc            ] GC(5) Pause Remark 145M->145M(1024M) 3.634ms
[2023-10-28T20:19:18.896-0300][gc,cpu        ] GC(5) User=0.04s Sys=0.00s Real=0.00s
[2023-10-28T20:19:18.897-0300][gc,marking    ] GC(5) Concurrent Rebuild Remembered Sets
[2023-10-28T20:19:18.899-0300][gc,marking    ] GC(5) Concurrent Rebuild Remembered Sets 2.902ms
[2023-10-28T20:19:18.900-0300][gc,start      ] GC(5) Pause Cleanup
[2023-10-28T20:19:18.900-0300][gc            ] GC(5) Pause Cleanup 145M->145M(1024M) 0.178ms
[2023-10-28T20:19:18.900-0300][gc,cpu        ] GC(5) User=0.00s Sys=0.00s Real=0.00s
[2023-10-28T20:19:18.900-0300][gc,marking    ] GC(5) Concurrent Cleanup for Next Mark
[2023-10-28T20:19:18.904-0300][gc,marking    ] GC(5) Concurrent Cleanup for Next Mark 3.785ms
[2023-10-28T20:19:18.904-0300][gc            ] GC(5) Concurrent Cycle 20.786ms
[2023-10-28T20:21:41.703-0300][gc,heap,exit  ] Heap
[2023-10-28T20:21:41.703-0300][gc,heap,exit  ]  garbage-first heap   total 1048576K, used 169414K [0x00000000c0000000, 0x0000000100000000)
[2023-10-28T20:21:41.703-0300][gc,heap,exit  ]   region size 1024K, 27 young (27648K), 3 survivors (3072K)
[2023-10-28T20:21:41.703-0300][gc,heap,exit  ]  Metaspace       used 37570K, capacity 39276K, committed 39500K, reserved 1083392K
[2023-10-28T20:21:41.703-0300][gc,heap,exit  ]   class space    used 4579K, capacity 5409K, committed 5504K, reserved 1048576K
