[2023-10-29T19:22:35.435-0300][gc,heap] Heap region size: 1M
[2023-10-29T19:22:35.441-0300][gc     ] Using G1
[2023-10-29T19:22:35.441-0300][gc,heap,coops] Heap address: 0x00000000c0000000, size: 1024 MB, Compressed Oops mode: 32-bit
[2023-10-29T19:22:35.441-0300][gc,cds       ] Mark closed archive regions in map: [0x00000000fff00000, 0x00000000fff6bff8]
[2023-10-29T19:22:35.441-0300][gc,cds       ] Mark open archive regions in map: [0x00000000ffe00000, 0x00000000ffe47ff8]
[2023-10-29T19:22:35.986-0300][gc,start     ] GC(0) Pause Young (Normal) (G1 Evacuation Pause)
[2023-10-29T19:22:35.987-0300][gc,task      ] GC(0) Using 13 workers of 13 for evacuation
[2023-10-29T19:22:35.998-0300][gc,phases    ] GC(0)   Pre Evacuate Collection Set: 0.0ms
[2023-10-29T19:22:35.998-0300][gc,phases    ] GC(0)   Evacuate Collection Set: 10.3ms
[2023-10-29T19:22:35.998-0300][gc,phases    ] GC(0)   Post Evacuate Collection Set: 0.5ms
[2023-10-29T19:22:35.998-0300][gc,phases    ] GC(0)   Other: 1.4ms
[2023-10-29T19:22:35.998-0300][gc,heap      ] GC(0) Eden regions: 51->0(44)
[2023-10-29T19:22:35.998-0300][gc,heap      ] GC(0) Survivor regions: 0->7(7)
[2023-10-29T19:22:35.998-0300][gc,heap      ] GC(0) Old regions: 2->2
[2023-10-29T19:22:35.998-0300][gc,heap      ] GC(0) Humongous regions: 0->0
[2023-10-29T19:22:35.998-0300][gc,metaspace ] GC(0) Metaspace: 13901K(14464K)->13901K(14464K) NonClass: 12202K(12544K)->12202K(12544K) Class: 1698K(1920K)->1698K(1920K)
[2023-10-29T19:22:35.998-0300][gc           ] GC(0) Pause Young (Normal) (G1 Evacuation Pause) 51M->7M(1024M) 12.302ms
[2023-10-29T19:22:35.998-0300][gc,cpu       ] GC(0) User=0.01s Sys=0.13s Real=0.01s
[2023-10-29T19:22:36.398-0300][gc,start     ] GC(1) Pause Young (Concurrent Start) (Metadata GC Threshold)
[2023-10-29T19:22:36.398-0300][gc,task      ] GC(1) Using 13 workers of 13 for evacuation
[2023-10-29T19:22:36.405-0300][gc,phases    ] GC(1)   Pre Evacuate Collection Set: 0.1ms
[2023-10-29T19:22:36.405-0300][gc,phases    ] GC(1)   Evacuate Collection Set: 6.5ms
[2023-10-29T19:22:36.405-0300][gc,phases    ] GC(1)   Post Evacuate Collection Set: 0.4ms
[2023-10-29T19:22:36.405-0300][gc,phases    ] GC(1)   Other: 0.2ms
[2023-10-29T19:22:36.405-0300][gc,heap      ] GC(1) Eden regions: 31->0(49)
[2023-10-29T19:22:36.405-0300][gc,heap      ] GC(1) Survivor regions: 7->2(7)
[2023-10-29T19:22:36.405-0300][gc,heap      ] GC(1) Old regions: 2->9
[2023-10-29T19:22:36.405-0300][gc,heap      ] GC(1) Humongous regions: 0->0
[2023-10-29T19:22:36.405-0300][gc,metaspace ] GC(1) Metaspace: 20556K(21248K)->20556K(21248K) NonClass: 18081K(18432K)->18081K(18432K) Class: 2474K(2816K)->2474K(2816K)
[2023-10-29T19:22:36.405-0300][gc           ] GC(1) Pause Young (Concurrent Start) (Metadata GC Threshold) 38M->8M(1024M) 7.184ms
[2023-10-29T19:22:36.405-0300][gc,cpu       ] GC(1) User=0.05s Sys=0.01s Real=0.01s
[2023-10-29T19:22:36.405-0300][gc           ] GC(2) Concurrent Cycle
[2023-10-29T19:22:36.405-0300][gc,marking   ] GC(2) Concurrent Clear Claimed Marks
[2023-10-29T19:22:36.405-0300][gc,marking   ] GC(2) Concurrent Clear Claimed Marks 0.046ms
[2023-10-29T19:22:36.405-0300][gc,marking   ] GC(2) Concurrent Scan Root Regions
[2023-10-29T19:22:36.406-0300][gc,marking   ] GC(2) Concurrent Scan Root Regions 0.835ms
[2023-10-29T19:22:36.406-0300][gc,marking   ] GC(2) Concurrent Mark (0.974s)
[2023-10-29T19:22:36.406-0300][gc,marking   ] GC(2) Concurrent Mark From Roots
[2023-10-29T19:22:36.406-0300][gc,task      ] GC(2) Using 3 workers of 3 for marking
[2023-10-29T19:22:36.408-0300][gc,marking   ] GC(2) Concurrent Mark From Roots 2.037ms
[2023-10-29T19:22:36.408-0300][gc,marking   ] GC(2) Concurrent Preclean
[2023-10-29T19:22:36.408-0300][gc,marking   ] GC(2) Concurrent Preclean 0.054ms
[2023-10-29T19:22:36.408-0300][gc,marking   ] GC(2) Concurrent Mark (0.974s, 0.976s) 2.114ms
[2023-10-29T19:22:36.408-0300][gc,start     ] GC(2) Pause Remark
[2023-10-29T19:22:36.410-0300][gc,stringtable] GC(2) Cleaned string and symbol table, strings: 5181 processed, 0 removed, symbols: 52704 processed, 45 removed
[2023-10-29T19:22:36.410-0300][gc            ] GC(2) Pause Remark 9M->9M(1024M) 1.287ms
[2023-10-29T19:22:36.410-0300][gc,cpu        ] GC(2) User=0.01s Sys=0.00s Real=0.00s
[2023-10-29T19:22:36.410-0300][gc,marking    ] GC(2) Concurrent Rebuild Remembered Sets
[2023-10-29T19:22:36.411-0300][gc,marking    ] GC(2) Concurrent Rebuild Remembered Sets 1.078ms
[2023-10-29T19:22:36.411-0300][gc,start      ] GC(2) Pause Cleanup
[2023-10-29T19:22:36.412-0300][gc            ] GC(2) Pause Cleanup 9M->9M(1024M) 0.177ms
[2023-10-29T19:22:36.412-0300][gc,cpu        ] GC(2) User=0.00s Sys=0.00s Real=0.00s
[2023-10-29T19:22:36.412-0300][gc,marking    ] GC(2) Concurrent Cleanup for Next Mark
[2023-10-29T19:22:36.414-0300][gc,marking    ] GC(2) Concurrent Cleanup for Next Mark 1.897ms
[2023-10-29T19:22:36.414-0300][gc            ] GC(2) Concurrent Cycle 8.355ms
[2023-10-29T19:22:36.741-0300][gc,start      ] GC(3) Pause Young (Normal) (G1 Evacuation Pause)
[2023-10-29T19:22:36.741-0300][gc,task       ] GC(3) Using 13 workers of 13 for evacuation
[2023-10-29T19:22:36.743-0300][gc,phases     ] GC(3)   Pre Evacuate Collection Set: 0.0ms
[2023-10-29T19:22:36.743-0300][gc,phases     ] GC(3)   Evacuate Collection Set: 1.5ms
[2023-10-29T19:22:36.743-0300][gc,phases     ] GC(3)   Post Evacuate Collection Set: 0.4ms
[2023-10-29T19:22:36.743-0300][gc,phases     ] GC(3)   Other: 0.1ms
[2023-10-29T19:22:36.743-0300][gc,heap       ] GC(3) Eden regions: 49->0(46)
[2023-10-29T19:22:36.743-0300][gc,heap       ] GC(3) Survivor regions: 2->5(7)
[2023-10-29T19:22:36.743-0300][gc,heap       ] GC(3) Old regions: 9->9
[2023-10-29T19:22:36.743-0300][gc,heap       ] GC(3) Humongous regions: 129->129
[2023-10-29T19:22:36.743-0300][gc,metaspace  ] GC(3) Metaspace: 28266K(29312K)->28266K(29312K) NonClass: 24985K(25600K)->24985K(25600K) Class: 3281K(3712K)->3281K(3712K)
[2023-10-29T19:22:36.743-0300][gc            ] GC(3) Pause Young (Normal) (G1 Evacuation Pause) 186M->140M(1024M) 2.137ms
[2023-10-29T19:22:36.743-0300][gc,cpu        ] GC(3) User=0.01s Sys=0.02s Real=0.01s
[2023-10-29T19:22:36.966-0300][gc,start      ] GC(4) Pause Young (Concurrent Start) (Metadata GC Threshold)
[2023-10-29T19:22:36.966-0300][gc,task       ] GC(4) Using 13 workers of 13 for evacuation
[2023-10-29T19:22:36.970-0300][gc,phases     ] GC(4)   Pre Evacuate Collection Set: 0.1ms
[2023-10-29T19:22:36.970-0300][gc,phases     ] GC(4)   Evacuate Collection Set: 4.2ms
[2023-10-29T19:22:36.970-0300][gc,phases     ] GC(4)   Post Evacuate Collection Set: 0.5ms
[2023-10-29T19:22:36.970-0300][gc,phases     ] GC(4)   Other: 0.2ms
[2023-10-29T19:22:36.970-0300][gc,heap       ] GC(4) Eden regions: 34->0(44)
[2023-10-29T19:22:36.970-0300][gc,heap       ] GC(4) Survivor regions: 5->7(7)
[2023-10-29T19:22:36.970-0300][gc,heap       ] GC(4) Old regions: 9->10
[2023-10-29T19:22:36.970-0300][gc,heap       ] GC(4) Humongous regions: 129->129
[2023-10-29T19:22:36.970-0300][gc,metaspace  ] GC(4) Metaspace: 34546K(35840K)->34546K(35840K) NonClass: 30537K(31232K)->30537K(31232K) Class: 4008K(4608K)->4008K(4608K)
[2023-10-29T19:22:36.970-0300][gc            ] GC(4) Pause Young (Concurrent Start) (Metadata GC Threshold) 174M->143M(1024M) 4.952ms
[2023-10-29T19:22:36.970-0300][gc,cpu        ] GC(4) User=0.03s Sys=0.00s Real=0.00s
[2023-10-29T19:22:36.971-0300][gc            ] GC(5) Concurrent Cycle
[2023-10-29T19:22:36.971-0300][gc,marking    ] GC(5) Concurrent Clear Claimed Marks
[2023-10-29T19:22:36.971-0300][gc,marking    ] GC(5) Concurrent Clear Claimed Marks 0.174ms
[2023-10-29T19:22:36.971-0300][gc,marking    ] GC(5) Concurrent Scan Root Regions
[2023-10-29T19:22:36.972-0300][gc,marking    ] GC(5) Concurrent Scan Root Regions 1.396ms
[2023-10-29T19:22:36.972-0300][gc,marking    ] GC(5) Concurrent Mark (1.540s)
[2023-10-29T19:22:36.972-0300][gc,marking    ] GC(5) Concurrent Mark From Roots
[2023-10-29T19:22:36.972-0300][gc,task       ] GC(5) Using 3 workers of 3 for marking
[2023-10-29T19:22:36.976-0300][gc,marking    ] GC(5) Concurrent Mark From Roots 4.244ms
[2023-10-29T19:22:36.976-0300][gc,marking    ] GC(5) Concurrent Preclean
[2023-10-29T19:22:36.976-0300][gc,marking    ] GC(5) Concurrent Preclean 0.072ms
[2023-10-29T19:22:36.976-0300][gc,marking    ] GC(5) Concurrent Mark (1.540s, 1.544s) 4.349ms
[2023-10-29T19:22:36.977-0300][gc,start      ] GC(5) Pause Remark
[2023-10-29T19:22:36.979-0300][gc,stringtable] GC(5) Cleaned string and symbol table, strings: 11017 processed, 11 removed, symbols: 86236 processed, 15 removed
[2023-10-29T19:22:36.979-0300][gc            ] GC(5) Pause Remark 144M->144M(1024M) 2.281ms
[2023-10-29T19:22:36.979-0300][gc,cpu        ] GC(5) User=0.02s Sys=0.00s Real=0.00s
[2023-10-29T19:22:36.979-0300][gc,marking    ] GC(5) Concurrent Rebuild Remembered Sets
[2023-10-29T19:22:36.981-0300][gc,marking    ] GC(5) Concurrent Rebuild Remembered Sets 1.476ms
[2023-10-29T19:22:36.981-0300][gc,start      ] GC(5) Pause Cleanup
[2023-10-29T19:22:36.981-0300][gc            ] GC(5) Pause Cleanup 145M->145M(1024M) 0.187ms
[2023-10-29T19:22:36.981-0300][gc,cpu        ] GC(5) User=0.00s Sys=0.00s Real=0.00s
[2023-10-29T19:22:36.981-0300][gc,marking    ] GC(5) Concurrent Cleanup for Next Mark
[2023-10-29T19:22:36.985-0300][gc,marking    ] GC(5) Concurrent Cleanup for Next Mark 4.300ms
[2023-10-29T19:22:36.985-0300][gc            ] GC(5) Concurrent Cycle 14.827ms
[2023-10-29T19:24:54.584-0300][gc,heap,exit  ] Heap
[2023-10-29T19:24:54.584-0300][gc,heap,exit  ]  garbage-first heap   total 1048576K, used 168437K [0x00000000c0000000, 0x0000000100000000)
[2023-10-29T19:24:54.584-0300][gc,heap,exit  ]   region size 1024K, 30 young (30720K), 7 survivors (7168K)
[2023-10-29T19:24:54.584-0300][gc,heap,exit  ]  Metaspace       used 37593K, capacity 39297K, committed 39500K, reserved 1083392K
[2023-10-29T19:24:54.584-0300][gc,heap,exit  ]   class space    used 4586K, capacity 5419K, committed 5452K, reserved 1048576K
