[2023-10-28T20:27:25.622-0300][gc,heap] Heap region size: 1M
[2023-10-28T20:27:25.626-0300][gc     ] Using G1
[2023-10-28T20:27:25.626-0300][gc,heap,coops] Heap address: 0x00000000c0000000, size: 1024 MB, Compressed Oops mode: 32-bit
[2023-10-28T20:27:25.626-0300][gc,cds       ] Mark closed archive regions in map: [0x00000000fff00000, 0x00000000fff6bff8]
[2023-10-28T20:27:25.626-0300][gc,cds       ] Mark open archive regions in map: [0x00000000ffe00000, 0x00000000ffe47ff8]
[2023-10-28T20:27:26.098-0300][gc,start     ] GC(0) Pause Young (Normal) (G1 Evacuation Pause)
[2023-10-28T20:27:26.099-0300][gc,task      ] GC(0) Using 13 workers of 13 for evacuation
[2023-10-28T20:27:26.110-0300][gc,phases    ] GC(0)   Pre Evacuate Collection Set: 0.0ms
[2023-10-28T20:27:26.110-0300][gc,phases    ] GC(0)   Evacuate Collection Set: 10.5ms
[2023-10-28T20:27:26.110-0300][gc,phases    ] GC(0)   Post Evacuate Collection Set: 0.5ms
[2023-10-28T20:27:26.110-0300][gc,phases    ] GC(0)   Other: 1.1ms
[2023-10-28T20:27:26.110-0300][gc,heap      ] GC(0) Eden regions: 51->0(44)
[2023-10-28T20:27:26.110-0300][gc,heap      ] GC(0) Survivor regions: 0->7(7)
[2023-10-28T20:27:26.110-0300][gc,heap      ] GC(0) Old regions: 2->2
[2023-10-28T20:27:26.110-0300][gc,heap      ] GC(0) Humongous regions: 0->0
[2023-10-28T20:27:26.110-0300][gc,metaspace ] GC(0) Metaspace: 13792K(14464K)->13792K(14464K) NonClass: 12114K(12544K)->12114K(12544K) Class: 1678K(1920K)->1678K(1920K)
[2023-10-28T20:27:26.110-0300][gc           ] GC(0) Pause Young (Normal) (G1 Evacuation Pause) 51M->7M(1024M) 12.154ms
[2023-10-28T20:27:26.110-0300][gc,cpu       ] GC(0) User=0.01s Sys=0.12s Real=0.01s
[2023-10-28T20:27:26.416-0300][gc,start     ] GC(1) Pause Young (Concurrent Start) (Metadata GC Threshold)
[2023-10-28T20:27:26.416-0300][gc,task      ] GC(1) Using 13 workers of 13 for evacuation
[2023-10-28T20:27:26.424-0300][gc,phases    ] GC(1)   Pre Evacuate Collection Set: 0.1ms
[2023-10-28T20:27:26.424-0300][gc,phases    ] GC(1)   Evacuate Collection Set: 7.7ms
[2023-10-28T20:27:26.424-0300][gc,phases    ] GC(1)   Post Evacuate Collection Set: 0.4ms
[2023-10-28T20:27:26.424-0300][gc,phases    ] GC(1)   Other: 0.4ms
[2023-10-28T20:27:26.424-0300][gc,heap      ] GC(1) Eden regions: 32->0(49)
[2023-10-28T20:27:26.424-0300][gc,heap      ] GC(1) Survivor regions: 7->2(7)
[2023-10-28T20:27:26.424-0300][gc,heap      ] GC(1) Old regions: 2->9
[2023-10-28T20:27:26.424-0300][gc,heap      ] GC(1) Humongous regions: 0->0
[2023-10-28T20:27:26.424-0300][gc,metaspace ] GC(1) Metaspace: 20574K(21248K)->20574K(21248K) NonClass: 18102K(18432K)->18102K(18432K) Class: 2471K(2816K)->2471K(2816K)
[2023-10-28T20:27:26.424-0300][gc           ] GC(1) Pause Young (Concurrent Start) (Metadata GC Threshold) 39M->8M(1024M) 8.621ms
[2023-10-28T20:27:26.424-0300][gc,cpu       ] GC(1) User=0.00s Sys=0.09s Real=0.01s
[2023-10-28T20:27:26.424-0300][gc           ] GC(2) Concurrent Cycle
[2023-10-28T20:27:26.425-0300][gc,marking   ] GC(2) Concurrent Clear Claimed Marks
[2023-10-28T20:27:26.425-0300][gc,marking   ] GC(2) Concurrent Clear Claimed Marks 0.049ms
[2023-10-28T20:27:26.425-0300][gc,marking   ] GC(2) Concurrent Scan Root Regions
[2023-10-28T20:27:26.426-0300][gc,marking   ] GC(2) Concurrent Scan Root Regions 1.153ms
[2023-10-28T20:27:26.426-0300][gc,marking   ] GC(2) Concurrent Mark (0.806s)
[2023-10-28T20:27:26.426-0300][gc,marking   ] GC(2) Concurrent Mark From Roots
[2023-10-28T20:27:26.426-0300][gc,task      ] GC(2) Using 3 workers of 3 for marking
[2023-10-28T20:27:26.429-0300][gc,marking   ] GC(2) Concurrent Mark From Roots 3.020ms
[2023-10-28T20:27:26.429-0300][gc,marking   ] GC(2) Concurrent Preclean
[2023-10-28T20:27:26.429-0300][gc,marking   ] GC(2) Concurrent Preclean 0.045ms
[2023-10-28T20:27:26.429-0300][gc,marking   ] GC(2) Concurrent Mark (0.806s, 0.809s) 3.088ms
[2023-10-28T20:27:26.429-0300][gc,start     ] GC(2) Pause Remark
[2023-10-28T20:27:26.430-0300][gc,stringtable] GC(2) Cleaned string and symbol table, strings: 5139 processed, 0 removed, symbols: 52567 processed, 45 removed
[2023-10-28T20:27:26.430-0300][gc            ] GC(2) Pause Remark 9M->9M(1024M) 1.255ms
[2023-10-28T20:27:26.430-0300][gc,cpu        ] GC(2) User=0.00s Sys=0.00s Real=0.00s
[2023-10-28T20:27:26.430-0300][gc,marking    ] GC(2) Concurrent Rebuild Remembered Sets
[2023-10-28T20:27:26.431-0300][gc,marking    ] GC(2) Concurrent Rebuild Remembered Sets 1.029ms
[2023-10-28T20:27:26.432-0300][gc,start      ] GC(2) Pause Cleanup
[2023-10-28T20:27:26.432-0300][gc            ] GC(2) Pause Cleanup 9M->9M(1024M) 0.164ms
[2023-10-28T20:27:26.432-0300][gc,cpu        ] GC(2) User=0.00s Sys=0.00s Real=0.00s
[2023-10-28T20:27:26.432-0300][gc,marking    ] GC(2) Concurrent Cleanup for Next Mark
[2023-10-28T20:27:26.434-0300][gc,marking    ] GC(2) Concurrent Cleanup for Next Mark 2.022ms
[2023-10-28T20:27:26.434-0300][gc            ] GC(2) Concurrent Cycle 9.459ms
[2023-10-28T20:27:26.730-0300][gc,start      ] GC(3) Pause Young (Normal) (G1 Evacuation Pause)
[2023-10-28T20:27:26.730-0300][gc,task       ] GC(3) Using 13 workers of 13 for evacuation
[2023-10-28T20:27:26.732-0300][gc,phases     ] GC(3)   Pre Evacuate Collection Set: 0.0ms
[2023-10-28T20:27:26.732-0300][gc,phases     ] GC(3)   Evacuate Collection Set: 1.2ms
[2023-10-28T20:27:26.732-0300][gc,phases     ] GC(3)   Post Evacuate Collection Set: 0.4ms
[2023-10-28T20:27:26.732-0300][gc,phases     ] GC(3)   Other: 0.1ms
[2023-10-28T20:27:26.732-0300][gc,heap       ] GC(3) Eden regions: 49->0(46)
[2023-10-28T20:27:26.732-0300][gc,heap       ] GC(3) Survivor regions: 2->5(7)
[2023-10-28T20:27:26.732-0300][gc,heap       ] GC(3) Old regions: 9->9
[2023-10-28T20:27:26.732-0300][gc,heap       ] GC(3) Humongous regions: 129->129
[2023-10-28T20:27:26.732-0300][gc,metaspace  ] GC(3) Metaspace: 28298K(29440K)->28298K(29440K) NonClass: 24996K(25600K)->24996K(25600K) Class: 3301K(3840K)->3301K(3840K)
[2023-10-28T20:27:26.732-0300][gc            ] GC(3) Pause Young (Normal) (G1 Evacuation Pause) 186M->140M(1024M) 1.724ms
[2023-10-28T20:27:26.732-0300][gc,cpu        ] GC(3) User=0.01s Sys=0.01s Real=0.01s
[2023-10-28T20:27:26.924-0300][gc,start      ] GC(4) Pause Young (Concurrent Start) (GCLocker Initiated GC)
[2023-10-28T20:27:26.924-0300][gc,task       ] GC(4) Using 13 workers of 13 for evacuation
[2023-10-28T20:27:26.928-0300][gc,phases     ] GC(4)   Pre Evacuate Collection Set: 0.1ms
[2023-10-28T20:27:26.928-0300][gc,phases     ] GC(4)   Evacuate Collection Set: 3.6ms
[2023-10-28T20:27:26.928-0300][gc,phases     ] GC(4)   Post Evacuate Collection Set: 0.4ms
[2023-10-28T20:27:26.928-0300][gc,phases     ] GC(4)   Other: 0.1ms
[2023-10-28T20:27:26.928-0300][gc,heap       ] GC(4) Eden regions: 34->0(44)
[2023-10-28T20:27:26.928-0300][gc,heap       ] GC(4) Survivor regions: 5->7(7)
[2023-10-28T20:27:26.928-0300][gc,heap       ] GC(4) Old regions: 9->10
[2023-10-28T20:27:26.928-0300][gc,heap       ] GC(4) Humongous regions: 129->129
[2023-10-28T20:27:26.928-0300][gc,metaspace  ] GC(4) Metaspace: 34440K(35968K)->34440K(35968K) NonClass: 30433K(31232K)->30433K(31232K) Class: 4006K(4736K)->4006K(4736K)
[2023-10-28T20:27:26.928-0300][gc            ] GC(4) Pause Young (Concurrent Start) (GCLocker Initiated GC) 174M->143M(1024M) 4.303ms
[2023-10-28T20:27:26.928-0300][gc,cpu        ] GC(4) User=0.02s Sys=0.01s Real=0.00s
[2023-10-28T20:27:26.928-0300][gc            ] GC(5) Concurrent Cycle
[2023-10-28T20:27:26.928-0300][gc,marking    ] GC(5) Concurrent Clear Claimed Marks
[2023-10-28T20:27:26.928-0300][gc,marking    ] GC(5) Concurrent Clear Claimed Marks 0.029ms
[2023-10-28T20:27:26.928-0300][gc,marking    ] GC(5) Concurrent Scan Root Regions
[2023-10-28T20:27:26.929-0300][gc,marking    ] GC(5) Concurrent Scan Root Regions 1.193ms
[2023-10-28T20:27:26.929-0300][gc,marking    ] GC(5) Concurrent Mark (1.309s)
[2023-10-28T20:27:26.929-0300][gc,marking    ] GC(5) Concurrent Mark From Roots
[2023-10-28T20:27:26.929-0300][gc,task       ] GC(5) Using 3 workers of 3 for marking
[2023-10-28T20:27:26.932-0300][gc,marking    ] GC(5) Concurrent Mark From Roots 2.619ms
[2023-10-28T20:27:26.932-0300][gc,marking    ] GC(5) Concurrent Preclean
[2023-10-28T20:27:26.932-0300][gc,marking    ] GC(5) Concurrent Preclean 0.079ms
[2023-10-28T20:27:26.932-0300][gc,marking    ] GC(5) Concurrent Mark (1.309s, 1.312s) 2.750ms
[2023-10-28T20:27:26.932-0300][gc,start      ] GC(5) Pause Remark
[2023-10-28T20:27:26.934-0300][gc,stringtable] GC(5) Cleaned string and symbol table, strings: 10993 processed, 10 removed, symbols: 86200 processed, 14 removed
[2023-10-28T20:27:26.934-0300][gc            ] GC(5) Pause Remark 144M->144M(1024M) 1.900ms
[2023-10-28T20:27:26.934-0300][gc,cpu        ] GC(5) User=0.01s Sys=0.00s Real=0.00s
[2023-10-28T20:27:26.934-0300][gc,marking    ] GC(5) Concurrent Rebuild Remembered Sets
[2023-10-28T20:27:26.936-0300][gc,marking    ] GC(5) Concurrent Rebuild Remembered Sets 1.265ms
[2023-10-28T20:27:26.936-0300][gc,start      ] GC(5) Pause Cleanup
[2023-10-28T20:27:26.936-0300][gc            ] GC(5) Pause Cleanup 144M->144M(1024M) 0.156ms
[2023-10-28T20:27:26.936-0300][gc,cpu        ] GC(5) User=0.00s Sys=0.00s Real=0.00s
[2023-10-28T20:27:26.936-0300][gc,marking    ] GC(5) Concurrent Cleanup for Next Mark
[2023-10-28T20:27:26.939-0300][gc,marking    ] GC(5) Concurrent Cleanup for Next Mark 3.370ms
[2023-10-28T20:27:26.939-0300][gc            ] GC(5) Concurrent Cycle 11.454ms
[2023-10-28T20:32:13.839-0300][gc,heap,exit  ] Heap
[2023-10-28T20:32:13.839-0300][gc,heap,exit  ]  garbage-first heap   total 1048576K, used 170442K [0x00000000c0000000, 0x0000000100000000)
[2023-10-28T20:32:13.839-0300][gc,heap,exit  ]   region size 1024K, 32 young (32768K), 7 survivors (7168K)
[2023-10-28T20:32:13.839-0300][gc,heap,exit  ]  Metaspace       used 37593K, capacity 39334K, committed 39500K, reserved 1083392K
[2023-10-28T20:32:13.839-0300][gc,heap,exit  ]   class space    used 4575K, capacity 5407K, committed 5504K, reserved 1048576K
