[2023-10-28T20:19:04.486-0300][gc,heap] Heap region size: 1M
[2023-10-28T20:19:04.489-0300][gc     ] Using G1
[2023-10-28T20:19:04.489-0300][gc,heap,coops] Heap address: 0x00000000e0000000, size: 512 MB, Compressed Oops mode: 32-bit
[2023-10-28T20:19:04.489-0300][gc,cds       ] Mark closed archive regions in map: [0x00000000fff00000, 0x00000000fff6bff8]
[2023-10-28T20:19:04.489-0300][gc,cds       ] Mark open archive regions in map: [0x00000000ffe00000, 0x00000000ffe47ff8]
[2023-10-28T20:19:04.824-0300][gc,start     ] GC(0) Pause Young (Normal) (G1 Evacuation Pause)
[2023-10-28T20:19:04.824-0300][gc,task      ] GC(0) Using 12 workers of 13 for evacuation
[2023-10-28T20:19:04.839-0300][gc,phases    ] GC(0)   Pre Evacuate Collection Set: 0.0ms
[2023-10-28T20:19:04.839-0300][gc,phases    ] GC(0)   Evacuate Collection Set: 14.3ms
[2023-10-28T20:19:04.839-0300][gc,phases    ] GC(0)   Post Evacuate Collection Set: 0.4ms
[2023-10-28T20:19:04.839-0300][gc,phases    ] GC(0)   Other: 0.9ms
[2023-10-28T20:19:04.839-0300][gc,heap      ] GC(0) Eden regions: 25->0(21)
[2023-10-28T20:19:04.839-0300][gc,heap      ] GC(0) Survivor regions: 0->4(4)
[2023-10-28T20:19:04.839-0300][gc,heap      ] GC(0) Old regions: 2->6
[2023-10-28T20:19:04.839-0300][gc,heap      ] GC(0) Humongous regions: 0->0
[2023-10-28T20:19:04.839-0300][gc,metaspace ] GC(0) Metaspace: 7303K(7936K)->7303K(7936K) NonClass: 6489K(6912K)->6489K(6912K) Class: 813K(1024K)->813K(1024K)
[2023-10-28T20:19:04.839-0300][gc           ] GC(0) Pause Young (Normal) (G1 Evacuation Pause) 25M->8M(512M) 15.651ms
[2023-10-28T20:19:04.839-0300][gc,cpu       ] GC(0) User=0.09s Sys=0.09s Real=0.01s
[2023-10-28T20:21:43.557-0300][gc,heap,exit ] Heap
[2023-10-28T20:21:43.557-0300][gc,heap,exit ]  garbage-first heap   total 524288K, used 22637K [0x00000000e0000000, 0x0000000100000000)
[2023-10-28T20:21:43.557-0300][gc,heap,exit ]   region size 1024K, 19 young (19456K), 4 survivors (4096K)
[2023-10-28T20:21:43.557-0300][gc,heap,exit ]  Metaspace       used 9108K, capacity 9437K, committed 9600K, reserved 1058816K
[2023-10-28T20:21:43.557-0300][gc,heap,exit ]   class space    used 991K, capacity 1133K, committed 1152K, reserved 1048576K
