[2023-10-28T20:27:15.288-0300][gc,heap] Heap region size: 1M
[2023-10-28T20:27:15.291-0300][gc     ] Using G1
[2023-10-28T20:27:15.291-0300][gc,heap,coops] Heap address: 0x00000000e0000000, size: 512 MB, Compressed Oops mode: 32-bit
[2023-10-28T20:27:15.291-0300][gc,cds       ] Mark closed archive regions in map: [0x00000000fff00000, 0x00000000fff6bff8]
[2023-10-28T20:27:15.291-0300][gc,cds       ] Mark open archive regions in map: [0x00000000ffe00000, 0x00000000ffe47ff8]
[2023-10-28T20:27:15.572-0300][gc,start     ] GC(0) Pause Young (Normal) (G1 Evacuation Pause)
[2023-10-28T20:27:15.572-0300][gc,task      ] GC(0) Using 12 workers of 13 for evacuation
[2023-10-28T20:27:15.582-0300][gc,phases    ] GC(0)   Pre Evacuate Collection Set: 0.0ms
[2023-10-28T20:27:15.582-0300][gc,phases    ] GC(0)   Evacuate Collection Set: 9.2ms
[2023-10-28T20:27:15.582-0300][gc,phases    ] GC(0)   Post Evacuate Collection Set: 0.5ms
[2023-10-28T20:27:15.582-0300][gc,phases    ] GC(0)   Other: 0.9ms
[2023-10-28T20:27:15.582-0300][gc,heap      ] GC(0) Eden regions: 25->0(21)
[2023-10-28T20:27:15.582-0300][gc,heap      ] GC(0) Survivor regions: 0->4(4)
[2023-10-28T20:27:15.582-0300][gc,heap      ] GC(0) Old regions: 2->6
[2023-10-28T20:27:15.582-0300][gc,heap      ] GC(0) Humongous regions: 0->0
[2023-10-28T20:27:15.582-0300][gc,metaspace ] GC(0) Metaspace: 7364K(7936K)->7364K(7936K) NonClass: 6543K(6912K)->6543K(6912K) Class: 821K(1024K)->821K(1024K)
[2023-10-28T20:27:15.582-0300][gc           ] GC(0) Pause Young (Normal) (G1 Evacuation Pause) 25M->8M(512M) 10.613ms
[2023-10-28T20:27:15.582-0300][gc,cpu       ] GC(0) User=0.08s Sys=0.02s Real=0.02s
[2023-10-28T20:32:15.599-0300][gc,heap,exit ] Heap
[2023-10-28T20:32:15.599-0300][gc,heap,exit ]  garbage-first heap   total 524288K, used 23629K [0x00000000e0000000, 0x0000000100000000)
[2023-10-28T20:32:15.599-0300][gc,heap,exit ]   region size 1024K, 20 young (20480K), 4 survivors (4096K)
[2023-10-28T20:32:15.599-0300][gc,heap,exit ]  Metaspace       used 9116K, capacity 9469K, committed 9728K, reserved 1058816K
[2023-10-28T20:32:15.599-0300][gc,heap,exit ]   class space    used 993K, capacity 1165K, committed 1280K, reserved 1048576K
