[2023-10-29T19:21:15.022-0300][gc,heap] Heap region size: 1M
[2023-10-29T19:21:15.024-0300][gc     ] Using G1
[2023-10-29T19:21:15.024-0300][gc,heap,coops] Heap address: 0x00000000e0000000, size: 512 MB, Compressed Oops mode: 32-bit
[2023-10-29T19:21:15.024-0300][gc,cds       ] Mark closed archive regions in map: [0x00000000fff00000, 0x00000000fff6bff8]
[2023-10-29T19:21:15.024-0300][gc,cds       ] Mark open archive regions in map: [0x00000000ffe00000, 0x00000000ffe47ff8]
[2023-10-29T19:21:15.337-0300][gc,start     ] GC(0) Pause Young (Normal) (G1 Evacuation Pause)
[2023-10-29T19:21:15.338-0300][gc,task      ] GC(0) Using 12 workers of 13 for evacuation
[2023-10-29T19:21:15.349-0300][gc,phases    ] GC(0)   Pre Evacuate Collection Set: 0.0ms
[2023-10-29T19:21:15.349-0300][gc,phases    ] GC(0)   Evacuate Collection Set: 10.8ms
[2023-10-29T19:21:15.349-0300][gc,phases    ] GC(0)   Post Evacuate Collection Set: 0.4ms
[2023-10-29T19:21:15.349-0300][gc,phases    ] GC(0)   Other: 0.8ms
[2023-10-29T19:21:15.349-0300][gc,heap      ] GC(0) Eden regions: 25->0(21)
[2023-10-29T19:21:15.349-0300][gc,heap      ] GC(0) Survivor regions: 0->4(4)
[2023-10-29T19:21:15.349-0300][gc,heap      ] GC(0) Old regions: 2->6
[2023-10-29T19:21:15.349-0300][gc,heap      ] GC(0) Humongous regions: 0->0
[2023-10-29T19:21:15.349-0300][gc,metaspace ] GC(0) Metaspace: 7349K(7936K)->7349K(7936K) NonClass: 6530K(6912K)->6530K(6912K) Class: 819K(1024K)->819K(1024K)
[2023-10-29T19:21:15.349-0300][gc           ] GC(0) Pause Young (Normal) (G1 Evacuation Pause) 25M->8M(512M) 12.130ms
[2023-10-29T19:21:15.350-0300][gc,cpu       ] GC(0) User=0.01s Sys=0.12s Real=0.01s
[2023-10-29T19:21:15.352-0300][gc,heap,exit ] Heap
[2023-10-29T19:21:15.352-0300][gc,heap,exit ]  garbage-first heap   total 524288K, used 8239K [0x00000000e0000000, 0x0000000100000000)
[2023-10-29T19:21:15.352-0300][gc,heap,exit ]   region size 1024K, 5 young (5120K), 4 survivors (4096K)
[2023-10-29T19:21:15.352-0300][gc,heap,exit ]  Metaspace       used 7374K, capacity 7676K, committed 7936K, reserved 1056768K
[2023-10-29T19:21:15.352-0300][gc,heap,exit ]   class space    used 823K, capacity 928K, committed 1024K, reserved 1048576K
